
  [1mGENERATE[0m  intervals: 146 candidate mutants, 29 tests in suite

    [32mkeep[0m [3/146] AddNot                                       merge                  breaks 12
    [32mkeep[0m [4/146] AddNot                                       intersect              breaks 2
    [32mkeep[0m [6/146] NumberReplacer                               merge                  breaks 11
    [32mkeep[0m [7/146] NumberReplacer                               merge                  breaks 9
    [32mkeep[0m [9/146] ReplaceAndWithOr                             Interval.overlaps      breaks 2
    [32mkeep[0m [10/146] ReplaceAndWithOr                             intersect              breaks 4
    [32mkeep[0m [11/146] ReplaceBinaryOperator_Add_BitAnd             find_gaps              breaks 2
    [32mkeep[0m [12/146] ReplaceBinaryOperator_Add_BitOr              find_gaps              breaks 1
    [32mkeep[0m [13/146] ReplaceBinaryOperator_Add_BitXor             find_gaps              breaks 1
    [32mkeep[0m [14/146] ReplaceBinaryOperator_Add_Div                find_gaps              breaks 2
    [32mkeep[0m [15/146] ReplaceBinaryOperator_Add_FloorDiv           find_gaps              breaks 2
    [32mkeep[0m [16/146] ReplaceBinaryOperator_Add_LShift             find_gaps              breaks 2
    [32mkeep[0m [17/146] ReplaceBinaryOperator_Add_Mod                find_gaps              breaks 2
    [32mkeep[0m [18/146] ReplaceBinaryOperator_Add_Mul                find_gaps              breaks 2
    [32mkeep[0m [19/146] ReplaceBinaryOperator_Add_Pow                find_gaps              breaks 2
    [32mkeep[0m [20/146] ReplaceBinaryOperator_Add_RShift             find_gaps              breaks 2
    [32mkeep[0m [21/146] ReplaceBinaryOperator_Add_Sub                find_gaps              breaks 1
    [32mkeep[0m [22/146] ReplaceBinaryOperator_Sub_Add                Interval.length        breaks 2
    [32mkeep[0m [23/146] ReplaceBinaryOperator_Sub_Add                find_gaps              breaks 4
    [32mkeep[0m [24/146] ReplaceBinaryOperator_Sub_BitAnd             Interval.length        breaks 4
    [32mkeep[0m [25/146] ReplaceBinaryOperator_Sub_BitAnd             find_gaps              breaks 4
    [32mkeep[0m [26/146] ReplaceBinaryOperator_Sub_BitOr              Interval.length        breaks 2
    [32mkeep[0m [27/146] ReplaceBinaryOperator_Sub_BitOr              find_gaps              breaks 4
    [32mkeep[0m [28/146] ReplaceBinaryOperator_Sub_BitXor             Interval.length        breaks 1
    [32mkeep[0m [29/146] ReplaceBinaryOperator_Sub_BitXor             find_gaps              breaks 1
    [32mkeep[0m [30/146] ReplaceBinaryOperator_Sub_Div                Interval.length        breaks 4
    [32mkeep[0m [31/146] ReplaceBinaryOperator_Sub_Div                find_gaps              breaks 4
    [32mkeep[0m [32/146] ReplaceBinaryOperator_Sub_FloorDiv           Interval.length        breaks 4
    [32mkeep[0m [33/146] ReplaceBinaryOperator_Sub_FloorDiv           find_gaps              breaks 4
    [32mkeep[0m [34/146] ReplaceBinaryOperator_Sub_LShift             Interval.length        breaks 2
    [32mkeep[0m [35/146] ReplaceBinaryOperator_Sub_LShift             find_gaps              breaks 4
    [32mkeep[0m [36/146] ReplaceBinaryOperator_Sub_Mod                Interval.length        breaks 4
    [32mkeep[0m [37/146] ReplaceBinaryOperator_Sub_Mod                find_gaps              breaks 2
    [32mkeep[0m [38/146] ReplaceBinaryOperator_Sub_Mul                Interval.length        breaks 4
    [32mkeep[0m [39/146] ReplaceBinaryOperator_Sub_Mul                find_gaps              breaks 4
    [32mkeep[0m [40/146] ReplaceBinaryOperator_Sub_Pow                Interval.length        breaks 4
    [32mkeep[0m [41/146] ReplaceBinaryOperator_Sub_Pow                find_gaps              breaks 4
    [32mkeep[0m [42/146] ReplaceBinaryOperator_Sub_RShift             Interval.length        breaks 2
    [32mkeep[0m [43/146] ReplaceBinaryOperator_Sub_RShift             find_gaps              breaks 1
    [32mkeep[0m [44/146] ReplaceComparisonOperator_Eq_Gt              Interval.is_empty      breaks 2
    [32mkeep[0m [45/146] ReplaceComparisonOperator_Eq_Gt              Interval.touches       breaks 1
    [32mkeep[0m [46/146] ReplaceComparisonOperator_Eq_Gt              Interval.touches       breaks 1
    [32mkeep[0m [49/146] ReplaceComparisonOperator_Eq_GtE             Interval.touches       breaks 1
    [32mkeep[0m [54/146] ReplaceComparisonOperator_Eq_IsNot           Interval.touches       breaks 1
    [32mkeep[0m [55/146] ReplaceComparisonOperator_Eq_IsNot           Interval.touches       breaks 1
    [32mkeep[0m [57/146] ReplaceComparisonOperator_Eq_Lt              Interval.touches       breaks 1
    [32mkeep[0m [60/146] ReplaceComparisonOperator_Eq_LtE             Interval.touches       breaks 1
    [32mkeep[0m [63/146] ReplaceComparisonOperator_Eq_NotEq           Interval.touches       breaks 1
    [32mkeep[0m [64/146] ReplaceComparisonOperator_Eq_NotEq           Interval.touches       breaks 1
    [32mkeep[0m [65/146] ReplaceComparisonOperator_GtE_Eq             subtract               breaks 1
    [32mkeep[0m [67/146] ReplaceComparisonOperator_GtE_Is             subtract               breaks 1
    [32mkeep[0m [68/146] ReplaceComparisonOperator_GtE_IsNot          subtract               breaks 4
    [32mkeep[0m [69/146] ReplaceComparisonOperator_GtE_Lt             subtract               breaks 5
    [32mkeep[0m [70/146] ReplaceComparisonOperator_GtE_LtE            subtract               breaks 5
    [32mkeep[0m [71/146] ReplaceComparisonOperator_GtE_NotEq          subtract               breaks 4
    [32mkeep[0m [72/146] ReplaceComparisonOperator_Gt_Eq              Interval.__post_init__ breaks 3
    [32mkeep[0m [73/146] ReplaceComparisonOperator_Gt_Eq              subtract               breaks 3
    [32mkeep[0m [74/146] ReplaceComparisonOperator_Gt_GtE             Interval.__post_init__ breaks 2
    [32mkeep[0m [75/146] ReplaceComparisonOperator_Gt_GtE             subtract               breaks 1
    [32mkeep[0m [76/146] ReplaceComparisonOperator_Gt_Is              Interval.__post_init__ breaks 3
    [32mkeep[0m [77/146] ReplaceComparisonOperator_Gt_Is              subtract               breaks 3
    [32mkeep[0m [79/146] ReplaceComparisonOperator_Gt_IsNot           subtract               breaks 1
    [32mkeep[0m [81/146] ReplaceComparisonOperator_Gt_Lt              subtract               breaks 3
    [32mkeep[0m [83/146] ReplaceComparisonOperator_Gt_LtE             subtract               breaks 4
    [32mkeep[0m [85/146] ReplaceComparisonOperator_Gt_NotEq           subtract               breaks 1
    [32mkeep[0m [86/146] ReplaceComparisonOperator_LtE_Eq             merge                  breaks 4
    [32mkeep[0m [88/146] ReplaceComparisonOperator_LtE_Gt             merge                  breaks 12
    [32mkeep[0m [89/146] ReplaceComparisonOperator_LtE_Gt             subtract               breaks 4
    [32mkeep[0m [90/146] ReplaceComparisonOperator_LtE_GtE            merge                  breaks 9
    [32mkeep[0m [91/146] ReplaceComparisonOperator_LtE_GtE            subtract               breaks 4
    [32mkeep[0m [92/146] ReplaceComparisonOperator_LtE_Is             merge                  breaks 4
    [32mkeep[0m [94/146] ReplaceComparisonOperator_LtE_IsNot          merge                  breaks 8
    [32mkeep[0m [95/146] ReplaceComparisonOperator_LtE_IsNot          subtract               breaks 4
    [32mkeep[0m [96/146] ReplaceComparisonOperator_LtE_Lt             merge                  breaks 3
    [32mkeep[0m [98/146] ReplaceComparisonOperator_LtE_NotEq          merge                  breaks 8
    [32mkeep[0m [99/146] ReplaceComparisonOperator_LtE_NotEq          subtract               breaks 4
    [32mkeep[0m [100/146] ReplaceComparisonOperator_Lt_Eq              Interval.overlaps      breaks 1
    [32mkeep[0m [101/146] ReplaceComparisonOperator_Lt_Eq              Interval.overlaps      breaks 2
    [32mkeep[0m [102/146] ReplaceComparisonOperator_Lt_Eq              intersect              breaks 2
    [32mkeep[0m [103/146] ReplaceComparisonOperator_Lt_Eq              intersect              breaks 2
    [32mkeep[0m [104/146] ReplaceComparisonOperator_Lt_Gt              Interval.overlaps      breaks 1
    [32mkeep[0m [105/146] ReplaceComparisonOperator_Lt_Gt              Interval.overlaps      breaks 2
    [32mkeep[0m [106/146] ReplaceComparisonOperator_Lt_Gt              intersect              breaks 2
    [32mkeep[0m [107/146] ReplaceComparisonOperator_Lt_Gt              intersect              breaks 2
    [32mkeep[0m [108/146] ReplaceComparisonOperator_Lt_GtE             Interval.overlaps      breaks 1
    [32mkeep[0m [109/146] ReplaceComparisonOperator_Lt_GtE             Interval.overlaps      breaks 3
    [32mkeep[0m [110/146] ReplaceComparisonOperator_Lt_GtE             intersect              breaks 2
    [32mkeep[0m [111/146] ReplaceComparisonOperator_Lt_GtE             intersect              breaks 2
    [32mkeep[0m [112/146] ReplaceComparisonOperator_Lt_Is              Interval.overlaps      breaks 1
    [32mkeep[0m [113/146] ReplaceComparisonOperator_Lt_Is              Interval.overlaps      breaks 2
    [32mkeep[0m [114/146] ReplaceComparisonOperator_Lt_Is              intersect              breaks 2
    [32mkeep[0m [115/146] ReplaceComparisonOperator_Lt_Is              intersect              breaks 2
    [32mkeep[0m [117/146] ReplaceComparisonOperator_Lt_IsNot           Interval.overlaps      breaks 1
    [32mkeep[0m [121/146] ReplaceComparisonOperator_Lt_LtE             Interval.overlaps      breaks 1
    [32mkeep[0m [122/146] ReplaceComparisonOperator_Lt_LtE             intersect              breaks 3
    [32mkeep[0m [123/146] ReplaceComparisonOperator_Lt_LtE             intersect              breaks 1
    [32mkeep[0m [125/146] ReplaceComparisonOperator_Lt_NotEq           Interval.overlaps      breaks 1
    [32mkeep[0m [129/146] ReplaceOrWithAnd                             Interval.touches       breaks 1
    [32mkeep[0m [130/146] ReplaceOrWithAnd                             Interval.touches       breaks 1
    [32mkeep[0m [131/146] ReplaceOrWithAnd                             subtract               breaks 1
    [32mkeep[0m [133/146] ReplaceTrueWithFalse                         <module>               breaks 12
    [32mkeep[0m [136/146] ReplaceUnaryOperator_Delete_USub             merge                  breaks 12
    [32mkeep[0m [137/146] ReplaceUnaryOperator_Delete_USub             merge                  breaks 7
    [32mkeep[0m [138/146] ReplaceUnaryOperator_USub_Invert             merge                  breaks 12
    [32mkeep[0m [139/146] ReplaceUnaryOperator_USub_Invert             merge                  breaks 7
    [32mkeep[0m [142/146] ReplaceUnaryOperator_USub_UAdd               merge                  breaks 12
    [32mkeep[0m [143/146] ReplaceUnaryOperator_USub_UAdd               merge                  breaks 7
    [32mkeep[0m [144/146] ZeroIterationForLoop                         merge                  breaks 9
    [32mkeep[0m [145/146] ZeroIterationForLoop                         subtract               breaks 4
    [32mkeep[0m [146/146] ZeroIterationForLoop                         subtract               breaks 4

  [1mscreened 146[0m -> [32m110 kept[0m
    [2mdiscarded: 23 broke nothing, 13 too broad, 0 collection error, 0 non-terminating[0m
  written to corpus/faults/generated

