
  [1mGENERATE[0m  ledger: 104 candidate mutants, 24 tests in suite

    [32mkeep[0m [1/104] AddNot                                       validate               breaks 2
    [32mkeep[0m [2/104] AddNot                                       validate               breaks 1
    [32mkeep[0m [3/104] AddNot                                       validate               breaks 2
    [32mkeep[0m [4/104] NumberReplacer                               validate               breaks 1
    [32mkeep[0m [5/104] NumberReplacer                               validate               breaks 1
    [32mkeep[0m [6/104] NumberReplacer                               validate               breaks 1
    [32mkeep[0m [7/104] NumberReplacer                               validate               breaks 1
    [32mkeep[0m [8/104] ReplaceAndWithOr                             parse_entries          breaks 7
    [32mkeep[0m [9/104] ReplaceBinaryOperator_Add_BitAnd             largest_gap_days       breaks 3
    [32mkeep[0m [10/104] ReplaceBinaryOperator_Add_BitAnd             summarise              breaks 2
    [32mkeep[0m [11/104] ReplaceBinaryOperator_Add_BitOr              largest_gap_days       breaks 1
    [32mkeep[0m [12/104] ReplaceBinaryOperator_Add_BitOr              summarise              breaks 2
    [32mkeep[0m [13/104] ReplaceBinaryOperator_Add_BitXor             largest_gap_days       breaks 1
    [32mkeep[0m [14/104] ReplaceBinaryOperator_Add_BitXor             summarise              breaks 2
    [32mkeep[0m [15/104] ReplaceBinaryOperator_Add_Div                largest_gap_days       breaks 3
    [32mkeep[0m [16/104] ReplaceBinaryOperator_Add_Div                summarise              breaks 2
    [32mkeep[0m [17/104] ReplaceBinaryOperator_Add_FloorDiv           largest_gap_days       breaks 3
    [32mkeep[0m [18/104] ReplaceBinaryOperator_Add_FloorDiv           summarise              breaks 2
    [32mkeep[0m [19/104] ReplaceBinaryOperator_Add_LShift             largest_gap_days       breaks 2
    [32mkeep[0m [20/104] ReplaceBinaryOperator_Add_LShift             summarise              breaks 2
    [32mkeep[0m [21/104] ReplaceBinaryOperator_Add_Mod                largest_gap_days       breaks 3
    [32mkeep[0m [22/104] ReplaceBinaryOperator_Add_Mod                summarise              breaks 1
    [32mkeep[0m [23/104] ReplaceBinaryOperator_Add_Mul                largest_gap_days       breaks 3
    [32mkeep[0m [24/104] ReplaceBinaryOperator_Add_Mul                summarise              breaks 2
    [32mkeep[0m [25/104] ReplaceBinaryOperator_Add_Pow                largest_gap_days       breaks 3
    [32mkeep[0m [26/104] ReplaceBinaryOperator_Add_Pow                summarise              breaks 2
    [32mkeep[0m [27/104] ReplaceBinaryOperator_Add_RShift             largest_gap_days       breaks 3
    [32mkeep[0m [28/104] ReplaceBinaryOperator_Add_RShift             summarise              breaks 2
    [32mkeep[0m [29/104] ReplaceBinaryOperator_Add_Sub                largest_gap_days       breaks 1
    [32mkeep[0m [30/104] ReplaceBinaryOperator_Add_Sub                summarise              breaks 1
    [32mkeep[0m [31/104] ReplaceBinaryOperator_Sub_Add                largest_gap_days       breaks 3
    [32mkeep[0m [32/104] ReplaceBinaryOperator_Sub_Add                largest_gap_days       breaks 3
    [32mkeep[0m [33/104] ReplaceBinaryOperator_Sub_Add                largest_gap_days       breaks 3
    [32mkeep[0m [34/104] ReplaceBinaryOperator_Sub_Add                summarise              breaks 2
    [32mkeep[0m [35/104] ReplaceBinaryOperator_Sub_BitAnd             largest_gap_days       breaks 3
    [32mkeep[0m [36/104] ReplaceBinaryOperator_Sub_BitAnd             largest_gap_days       breaks 3
    [32mkeep[0m [37/104] ReplaceBinaryOperator_Sub_BitAnd             largest_gap_days       breaks 3
    [32mkeep[0m [38/104] ReplaceBinaryOperator_Sub_BitAnd             summarise              breaks 2
    [32mkeep[0m [39/104] ReplaceBinaryOperator_Sub_BitOr              largest_gap_days       breaks 3
    [32mkeep[0m [40/104] ReplaceBinaryOperator_Sub_BitOr              largest_gap_days       breaks 3
    [32mkeep[0m [41/104] ReplaceBinaryOperator_Sub_BitOr              largest_gap_days       breaks 3
    [32mkeep[0m [42/104] ReplaceBinaryOperator_Sub_BitOr              summarise              breaks 2
    [32mkeep[0m [43/104] ReplaceBinaryOperator_Sub_BitXor             largest_gap_days       breaks 3
    [32mkeep[0m [44/104] ReplaceBinaryOperator_Sub_BitXor             largest_gap_days       breaks 1
    [32mkeep[0m [45/104] ReplaceBinaryOperator_Sub_BitXor             largest_gap_days       breaks 2
    [32mkeep[0m [46/104] ReplaceBinaryOperator_Sub_BitXor             summarise              breaks 2
    [32mkeep[0m [47/104] ReplaceBinaryOperator_Sub_Div                largest_gap_days       breaks 3
    [32mkeep[0m [48/104] ReplaceBinaryOperator_Sub_Div                largest_gap_days       breaks 3
    [32mkeep[0m [49/104] ReplaceBinaryOperator_Sub_Div                largest_gap_days       breaks 3
    [32mkeep[0m [50/104] ReplaceBinaryOperator_Sub_Div                summarise              breaks 2
    [32mkeep[0m [51/104] ReplaceBinaryOperator_Sub_FloorDiv           largest_gap_days       breaks 3
    [32mkeep[0m [52/104] ReplaceBinaryOperator_Sub_FloorDiv           largest_gap_days       breaks 3
    [32mkeep[0m [53/104] ReplaceBinaryOperator_Sub_FloorDiv           largest_gap_days       breaks 3
    [32mkeep[0m [54/104] ReplaceBinaryOperator_Sub_FloorDiv           summarise              breaks 2
    [32mkeep[0m [55/104] ReplaceBinaryOperator_Sub_LShift             largest_gap_days       breaks 3
    [32mkeep[0m [56/104] ReplaceBinaryOperator_Sub_LShift             largest_gap_days       breaks 3
    [32mkeep[0m [57/104] ReplaceBinaryOperator_Sub_LShift             largest_gap_days       breaks 3
    [32mkeep[0m [58/104] ReplaceBinaryOperator_Sub_LShift             summarise              breaks 2
    [32mkeep[0m [59/104] ReplaceBinaryOperator_Sub_Mod                largest_gap_days       breaks 3
    [32mkeep[0m [60/104] ReplaceBinaryOperator_Sub_Mod                largest_gap_days       breaks 2
    [32mkeep[0m [61/104] ReplaceBinaryOperator_Sub_Mod                largest_gap_days       breaks 3
    [32mkeep[0m [62/104] ReplaceBinaryOperator_Sub_Mod                summarise              breaks 2
    [32mkeep[0m [63/104] ReplaceBinaryOperator_Sub_Mul                largest_gap_days       breaks 3
    [32mkeep[0m [64/104] ReplaceBinaryOperator_Sub_Mul                largest_gap_days       breaks 3
    [32mkeep[0m [65/104] ReplaceBinaryOperator_Sub_Mul                largest_gap_days       breaks 3
    [32mkeep[0m [66/104] ReplaceBinaryOperator_Sub_Mul                summarise              breaks 2
    [32mkeep[0m [67/104] ReplaceBinaryOperator_Sub_Pow                largest_gap_days       breaks 3
    [32mkeep[0m [68/104] ReplaceBinaryOperator_Sub_Pow                largest_gap_days       breaks 3
    [32mkeep[0m [69/104] ReplaceBinaryOperator_Sub_Pow                largest_gap_days       breaks 3
    [32mkeep[0m [70/104] ReplaceBinaryOperator_Sub_Pow                summarise              breaks 2
    [32mkeep[0m [71/104] ReplaceBinaryOperator_Sub_RShift             largest_gap_days       breaks 3
    [32mkeep[0m [72/104] ReplaceBinaryOperator_Sub_RShift             largest_gap_days       breaks 2
    [32mkeep[0m [73/104] ReplaceBinaryOperator_Sub_RShift             largest_gap_days       breaks 1
    [32mkeep[0m [74/104] ReplaceBinaryOperator_Sub_RShift             summarise              breaks 2
    [32mkeep[0m [75/104] ReplaceComparisonOperator_Eq_Gt              validate               breaks 2
    [32mkeep[0m [76/104] ReplaceComparisonOperator_Eq_Gt              running_balance        breaks 3
    [32mkeep[0m [77/104] ReplaceComparisonOperator_Eq_GtE             validate               breaks 1
    [32mkeep[0m [78/104] ReplaceComparisonOperator_Eq_GtE             running_balance        breaks 1
    [32mkeep[0m [80/104] ReplaceComparisonOperator_Eq_IsNot           running_balance        breaks 4
    [32mkeep[0m [81/104] ReplaceComparisonOperator_Eq_Lt              validate               breaks 2
    [32mkeep[0m [82/104] ReplaceComparisonOperator_Eq_Lt              running_balance        breaks 4
    [32mkeep[0m [83/104] ReplaceComparisonOperator_Eq_LtE             validate               breaks 1
    [32mkeep[0m [84/104] ReplaceComparisonOperator_Eq_LtE             running_balance        breaks 1
    [32mkeep[0m [85/104] ReplaceComparisonOperator_Eq_NotEq           validate               breaks 2
    [32mkeep[0m [86/104] ReplaceComparisonOperator_Eq_NotEq           running_balance        breaks 4
    [32mkeep[0m [87/104] ReplaceComparisonOperator_Lt_Eq              largest_gap_days       breaks 2
    [32mkeep[0m [88/104] ReplaceComparisonOperator_Lt_Gt              largest_gap_days       breaks 2
    [32mkeep[0m [89/104] ReplaceComparisonOperator_Lt_GtE             largest_gap_days       breaks 3
    [32mkeep[0m [90/104] ReplaceComparisonOperator_Lt_LtE             largest_gap_days       breaks 1
    [32mkeep[0m [91/104] ReplaceComparisonOperator_Lt_NotEq           largest_gap_days       breaks 1
    [32mkeep[0m [92/104] ReplaceComparisonOperator_NotEq_Eq           validate               breaks 2
    [32mkeep[0m [94/104] ReplaceComparisonOperator_NotEq_GtE          validate               breaks 1
    [32mkeep[0m [95/104] ReplaceComparisonOperator_NotEq_Lt           validate               breaks 1
    [32mkeep[0m [96/104] ReplaceComparisonOperator_NotEq_LtE          validate               breaks 2
    [32mkeep[0m [97/104] ReplaceOrWithAnd                             parse_entries          breaks 1
    [32mkeep[0m [99/104] ReplaceUnaryOperator_Delete_Not              parse_entries          breaks 6
    [32mkeep[0m [100/104] ReplaceUnaryOperator_Delete_Not              validate               breaks 1
    [32mkeep[0m [101/104] ZeroIterationForLoop                         parse_entries          breaks 6
    [32mkeep[0m [102/104] ZeroIterationForLoop                         validate               breaks 2
    [32mkeep[0m [103/104] ZeroIterationForLoop                         balance                breaks 3
    [32mkeep[0m [104/104] ZeroIterationForLoop                         running_balance        breaks 3

  [1mscreened 104[0m -> [32m101 kept[0m
    [2mdiscarded: 3 broke nothing, 0 too broad, 0 collection error, 0 non-terminating[0m
  written to corpus/faults/generated

